[2024-09-28T00:55:39.957+0000][gc,heap] Heap region size: 1M
[2024-09-28T00:55:39.982+0000][gc     ] Using G1
[2024-09-28T00:55:39.982+0000][gc,heap,coops] Heap address: 0x00000000c0000000, size: 1024 MB, Compressed Oops mode: 32-bit
[2024-09-28T00:55:39.983+0000][gc,cds       ] Mark closed archive regions in map: [0x00000000fff00000, 0x00000000fff6bff8]
[2024-09-28T00:55:39.983+0000][gc,cds       ] Mark open archive regions in map: [0x00000000ffe00000, 0x00000000ffe47ff8]
[2024-09-28T00:55:42.831+0000][gc,start     ] GC(0) Pause Young (Normal) (G1 Evacuation Pause)
[2024-09-28T00:55:42.831+0000][gc,task      ] GC(0) Using 2 workers of 2 for evacuation
[2024-09-28T00:55:42.850+0000][gc,phases    ] GC(0)   Pre Evacuate Collection Set: 0.0ms
[2024-09-28T00:55:42.850+0000][gc,phases    ] GC(0)   Evacuate Collection Set: 18.3ms
[2024-09-28T00:55:42.850+0000][gc,phases    ] GC(0)   Post Evacuate Collection Set: 0.5ms
[2024-09-28T00:55:42.850+0000][gc,phases    ] GC(0)   Other: 0.7ms
[2024-09-28T00:55:42.850+0000][gc,heap      ] GC(0) Eden regions: 51->0(44)
[2024-09-28T00:55:42.850+0000][gc,heap      ] GC(0) Survivor regions: 0->7(7)
[2024-09-28T00:55:42.850+0000][gc,heap      ] GC(0) Old regions: 2->3
[2024-09-28T00:55:42.850+0000][gc,heap      ] GC(0) Humongous regions: 0->0
[2024-09-28T00:55:42.850+0000][gc,metaspace ] GC(0) Metaspace: 13448K(13952K)->13448K(13952K) NonClass: 11745K(12032K)->11745K(12032K) Class: 1703K(1920K)->1703K(1920K)
[2024-09-28T00:55:42.850+0000][gc           ] GC(0) Pause Young (Normal) (G1 Evacuation Pause) 51M->8M(1024M) 19.756ms
[2024-09-28T00:55:42.850+0000][gc,cpu       ] GC(0) User=0.02s Sys=0.01s Real=0.02s
[2024-09-28T00:56:02.076+0000][gc,heap,exit ] Heap
[2024-09-28T00:56:02.076+0000][gc,heap,exit ]  garbage-first heap   total 1048576K, used 19552K [0x00000000c0000000, 0x0000000100000000)
[2024-09-28T00:56:02.076+0000][gc,heap,exit ]   region size 1024K, 19 young (19456K), 7 survivors (7168K)
[2024-09-28T00:56:02.077+0000][gc,heap,exit ]  Metaspace       used 15349K, capacity 15834K, committed 16000K, reserved 1062912K
[2024-09-28T00:56:02.077+0000][gc,heap,exit ]   class space    used 1929K, capacity 2146K, committed 2176K, reserved 1048576K
