[2024-09-28T04:07:19.328+0000][gc,heap] Heap region size: 1M
[2024-09-28T04:07:19.359+0000][gc     ] Using G1
[2024-09-28T04:07:19.359+0000][gc,heap,coops] Heap address: 0x00000000c0000000, size: 1024 MB, Compressed Oops mode: 32-bit
[2024-09-28T04:07:19.360+0000][gc,cds       ] Mark closed archive regions in map: [0x00000000fff00000, 0x00000000fff6bff8]
[2024-09-28T04:07:19.360+0000][gc,cds       ] Mark open archive regions in map: [0x00000000ffe00000, 0x00000000ffe47ff8]
[2024-09-28T04:07:20.660+0000][gc,start     ] GC(0) Pause Young (Normal) (G1 Evacuation Pause)
[2024-09-28T04:07:20.661+0000][gc,task      ] GC(0) Using 2 workers of 2 for evacuation
[2024-09-28T04:07:20.684+0000][gc,mmu       ] GC(0) MMU target violated: 21.0ms (20.0ms/21.0ms)
[2024-09-28T04:07:20.684+0000][gc,phases    ] GC(0)   Pre Evacuate Collection Set: 0.1ms
[2024-09-28T04:07:20.684+0000][gc,phases    ] GC(0)   Evacuate Collection Set: 22.9ms
[2024-09-28T04:07:20.684+0000][gc,phases    ] GC(0)   Post Evacuate Collection Set: 0.5ms
[2024-09-28T04:07:20.684+0000][gc,phases    ] GC(0)   Other: 0.6ms
[2024-09-28T04:07:20.684+0000][gc,heap      ] GC(0) Eden regions: 51->0(44)
[2024-09-28T04:07:20.684+0000][gc,heap      ] GC(0) Survivor regions: 0->7(7)
[2024-09-28T04:07:20.684+0000][gc,heap      ] GC(0) Old regions: 2->3
[2024-09-28T04:07:20.684+0000][gc,heap      ] GC(0) Humongous regions: 0->0
[2024-09-28T04:07:20.685+0000][gc,metaspace ] GC(0) Metaspace: 13348K(13952K)->13348K(13952K) NonClass: 11666K(12032K)->11666K(12032K) Class: 1682K(1920K)->1682K(1920K)
[2024-09-28T04:07:20.685+0000][gc           ] GC(0) Pause Young (Normal) (G1 Evacuation Pause) 51M->7M(1024M) 24.047ms
[2024-09-28T04:07:20.685+0000][gc,cpu       ] GC(0) User=0.03s Sys=0.01s Real=0.03s
[2024-09-28T04:07:21.279+0000][gc,start     ] GC(1) Pause Young (Concurrent Start) (Metadata GC Threshold)
[2024-09-28T04:07:21.279+0000][gc,task      ] GC(1) Using 2 workers of 2 for evacuation
[2024-09-28T04:07:21.298+0000][gc,phases    ] GC(1)   Pre Evacuate Collection Set: 0.1ms
[2024-09-28T04:07:21.298+0000][gc,phases    ] GC(1)   Evacuate Collection Set: 18.2ms
[2024-09-28T04:07:21.298+0000][gc,phases    ] GC(1)   Post Evacuate Collection Set: 0.3ms
[2024-09-28T04:07:21.298+0000][gc,phases    ] GC(1)   Other: 0.5ms
[2024-09-28T04:07:21.298+0000][gc,heap      ] GC(1) Eden regions: 34->0(49)
[2024-09-28T04:07:21.298+0000][gc,heap      ] GC(1) Survivor regions: 7->2(7)
[2024-09-28T04:07:21.298+0000][gc,heap      ] GC(1) Old regions: 3->10
[2024-09-28T04:07:21.298+0000][gc,heap      ] GC(1) Humongous regions: 0->0
[2024-09-28T04:07:21.298+0000][gc,metaspace ] GC(1) Metaspace: 20601K(21248K)->20601K(21248K) NonClass: 18067K(18432K)->18067K(18432K) Class: 2534K(2816K)->2534K(2816K)
[2024-09-28T04:07:21.298+0000][gc           ] GC(1) Pause Young (Concurrent Start) (Metadata GC Threshold) 41M->9M(1024M) 19.180ms
[2024-09-28T04:07:21.298+0000][gc,cpu       ] GC(1) User=0.03s Sys=0.01s Real=0.02s
[2024-09-28T04:07:21.298+0000][gc           ] GC(2) Concurrent Cycle
[2024-09-28T04:07:21.298+0000][gc,marking   ] GC(2) Concurrent Clear Claimed Marks
[2024-09-28T04:07:21.298+0000][gc,marking   ] GC(2) Concurrent Clear Claimed Marks 0.030ms
[2024-09-28T04:07:21.298+0000][gc,marking   ] GC(2) Concurrent Scan Root Regions
[2024-09-28T04:07:21.299+0000][gc,marking   ] GC(2) Concurrent Scan Root Regions 1.057ms
[2024-09-28T04:07:21.299+0000][gc,marking   ] GC(2) Concurrent Mark (1.978s)
[2024-09-28T04:07:21.299+0000][gc,marking   ] GC(2) Concurrent Mark From Roots
[2024-09-28T04:07:21.299+0000][gc,task      ] GC(2) Using 1 workers of 1 for marking
[2024-09-28T04:07:21.321+0000][gc,marking   ] GC(2) Concurrent Mark From Roots 22.116ms
[2024-09-28T04:07:21.321+0000][gc,marking   ] GC(2) Concurrent Preclean
[2024-09-28T04:07:21.321+0000][gc,marking   ] GC(2) Concurrent Preclean 0.075ms
[2024-09-28T04:07:21.321+0000][gc,marking   ] GC(2) Concurrent Mark (1.978s, 2.000s) 22.232ms
[2024-09-28T04:07:21.322+0000][gc,start     ] GC(2) Pause Remark
[2024-09-28T04:07:21.325+0000][gc,stringtable] GC(2) Cleaned string and symbol table, strings: 5826 processed, 0 removed, symbols: 54750 processed, 47 removed
[2024-09-28T04:07:21.325+0000][gc            ] GC(2) Pause Remark 11M->11M(1024M) 3.331ms
[2024-09-28T04:07:21.325+0000][gc,cpu        ] GC(2) User=0.00s Sys=0.00s Real=0.01s
[2024-09-28T04:07:21.325+0000][gc,marking    ] GC(2) Concurrent Rebuild Remembered Sets
[2024-09-28T04:07:21.347+0000][gc,marking    ] GC(2) Concurrent Rebuild Remembered Sets 21.836ms
[2024-09-28T04:07:21.347+0000][gc,start      ] GC(2) Pause Cleanup
[2024-09-28T04:07:21.347+0000][gc            ] GC(2) Pause Cleanup 13M->13M(1024M) 0.215ms
[2024-09-28T04:07:21.347+0000][gc,cpu        ] GC(2) User=0.00s Sys=0.00s Real=0.00s
[2024-09-28T04:07:21.347+0000][gc,marking    ] GC(2) Concurrent Cleanup for Next Mark
[2024-09-28T04:07:21.397+0000][gc,marking    ] GC(2) Concurrent Cleanup for Next Mark 50.255ms
[2024-09-28T04:07:21.397+0000][gc            ] GC(2) Concurrent Cycle 99.402ms
[2024-09-28T04:07:21.499+0000][gc,heap,exit  ] Heap
[2024-09-28T04:07:21.499+0000][gc,heap,exit  ]  garbage-first heap   total 1048576K, used 13736K [0x00000000c0000000, 0x0000000100000000)
[2024-09-28T04:07:21.499+0000][gc,heap,exit  ]   region size 1024K, 8 young (8192K), 2 survivors (2048K)
[2024-09-28T04:07:21.499+0000][gc,heap,exit  ]  Metaspace       used 21254K, capacity 21899K, committed 22140K, reserved 1069056K
[2024-09-28T04:07:21.499+0000][gc,heap,exit  ]   class space    used 2635K, capacity 2908K, committed 2940K, reserved 1048576K
