[2024-09-28T01:50:10.802+0000][gc,heap] Heap region size: 1M
[2024-09-28T01:50:10.815+0000][gc     ] Using G1
[2024-09-28T01:50:10.815+0000][gc,heap,coops] Heap address: 0x00000000c0000000, size: 1024 MB, Compressed Oops mode: 32-bit
[2024-09-28T01:50:10.815+0000][gc,cds       ] Mark closed archive regions in map: [0x00000000fff00000, 0x00000000fff6bff8]
[2024-09-28T01:50:10.815+0000][gc,cds       ] Mark open archive regions in map: [0x00000000ffe00000, 0x00000000ffe47ff8]
[2024-09-28T01:50:12.039+0000][gc,start     ] GC(0) Pause Young (Normal) (G1 Evacuation Pause)
[2024-09-28T01:50:12.042+0000][gc,task      ] GC(0) Using 2 workers of 2 for evacuation
[2024-09-28T01:50:12.072+0000][gc,mmu       ] GC(0) MMU target violated: 21.0ms (20.0ms/21.0ms)
[2024-09-28T01:50:12.072+0000][gc,phases    ] GC(0)   Pre Evacuate Collection Set: 0.0ms
[2024-09-28T01:50:12.072+0000][gc,phases    ] GC(0)   Evacuate Collection Set: 29.0ms
[2024-09-28T01:50:12.072+0000][gc,phases    ] GC(0)   Post Evacuate Collection Set: 0.5ms
[2024-09-28T01:50:12.072+0000][gc,phases    ] GC(0)   Other: 3.8ms
[2024-09-28T01:50:12.072+0000][gc,heap      ] GC(0) Eden regions: 51->0(44)
[2024-09-28T01:50:12.072+0000][gc,heap      ] GC(0) Survivor regions: 0->7(7)
[2024-09-28T01:50:12.072+0000][gc,heap      ] GC(0) Old regions: 2->3
[2024-09-28T01:50:12.072+0000][gc,heap      ] GC(0) Humongous regions: 0->0
[2024-09-28T01:50:12.072+0000][gc,metaspace ] GC(0) Metaspace: 12989K(13568K)->12989K(13568K) NonClass: 11389K(11776K)->11389K(11776K) Class: 1600K(1792K)->1600K(1792K)
[2024-09-28T01:50:12.072+0000][gc           ] GC(0) Pause Young (Normal) (G1 Evacuation Pause) 51M->7M(1024M) 33.355ms
[2024-09-28T01:50:12.072+0000][gc,cpu       ] GC(0) User=0.04s Sys=0.02s Real=0.03s
[2024-09-28T01:50:31.135+0000][gc,heap,exit ] Heap
[2024-09-28T01:50:31.135+0000][gc,heap,exit ]  garbage-first heap   total 1048576K, used 21399K [0x00000000c0000000, 0x0000000100000000)
[2024-09-28T01:50:31.135+0000][gc,heap,exit ]   region size 1024K, 21 young (21504K), 7 survivors (7168K)
[2024-09-28T01:50:31.135+0000][gc,heap,exit ]  Metaspace       used 15336K, capacity 15835K, committed 16000K, reserved 1062912K
[2024-09-28T01:50:31.135+0000][gc,heap,exit ]   class space    used 1928K, capacity 2146K, committed 2176K, reserved 1048576K
