[2024-09-28T01:47:52.576+0000][gc,heap] Heap region size: 1M
[2024-09-28T01:47:52.588+0000][gc     ] Using G1
[2024-09-28T01:47:52.588+0000][gc,heap,coops] Heap address: 0x00000000c0000000, size: 1024 MB, Compressed Oops mode: 32-bit
[2024-09-28T01:47:52.589+0000][gc,cds       ] Mark closed archive regions in map: [0x00000000fff00000, 0x00000000fff6bff8]
[2024-09-28T01:47:52.589+0000][gc,cds       ] Mark open archive regions in map: [0x00000000ffe00000, 0x00000000ffe47ff8]
[2024-09-28T01:47:53.620+0000][gc,start     ] GC(0) Pause Young (Normal) (G1 Evacuation Pause)
[2024-09-28T01:47:53.621+0000][gc,task      ] GC(0) Using 2 workers of 2 for evacuation
[2024-09-28T01:47:53.635+0000][gc,phases    ] GC(0)   Pre Evacuate Collection Set: 0.0ms
[2024-09-28T01:47:53.635+0000][gc,phases    ] GC(0)   Evacuate Collection Set: 14.1ms
[2024-09-28T01:47:53.635+0000][gc,phases    ] GC(0)   Post Evacuate Collection Set: 0.4ms
[2024-09-28T01:47:53.635+0000][gc,phases    ] GC(0)   Other: 0.4ms
[2024-09-28T01:47:53.635+0000][gc,heap      ] GC(0) Eden regions: 51->0(44)
[2024-09-28T01:47:53.635+0000][gc,heap      ] GC(0) Survivor regions: 0->7(7)
[2024-09-28T01:47:53.635+0000][gc,heap      ] GC(0) Old regions: 2->3
[2024-09-28T01:47:53.635+0000][gc,heap      ] GC(0) Humongous regions: 0->0
[2024-09-28T01:47:53.635+0000][gc,metaspace ] GC(0) Metaspace: 13011K(13568K)->13011K(13568K) NonClass: 11401K(11776K)->11401K(11776K) Class: 1609K(1792K)->1609K(1792K)
[2024-09-28T01:47:53.635+0000][gc           ] GC(0) Pause Young (Normal) (G1 Evacuation Pause) 51M->8M(1024M) 15.086ms
[2024-09-28T01:47:53.636+0000][gc,cpu       ] GC(0) User=0.03s Sys=0.00s Real=0.02s
[2024-09-28T01:48:12.697+0000][gc,heap,exit ] Heap
[2024-09-28T01:48:12.697+0000][gc,heap,exit ]  garbage-first heap   total 1048576K, used 20592K [0x00000000c0000000, 0x0000000100000000)
[2024-09-28T01:48:12.697+0000][gc,heap,exit ]   region size 1024K, 20 young (20480K), 7 survivors (7168K)
[2024-09-28T01:48:12.697+0000][gc,heap,exit ]  Metaspace       used 15293K, capacity 15767K, committed 16000K, reserved 1062912K
[2024-09-28T01:48:12.697+0000][gc,heap,exit ]   class space    used 1928K, capacity 2146K, committed 2176K, reserved 1048576K
