[2024-09-28T01:52:28.153+0000][gc,heap] Heap region size: 1M
[2024-09-28T01:52:28.167+0000][gc     ] Using G1
[2024-09-28T01:52:28.167+0000][gc,heap,coops] Heap address: 0x00000000c0000000, size: 1024 MB, Compressed Oops mode: 32-bit
[2024-09-28T01:52:28.167+0000][gc,cds       ] Mark closed archive regions in map: [0x00000000fff00000, 0x00000000fff6bff8]
[2024-09-28T01:52:28.168+0000][gc,cds       ] Mark open archive regions in map: [0x00000000ffe00000, 0x00000000ffe47ff8]
[2024-09-28T01:52:29.459+0000][gc,start     ] GC(0) Pause Young (Normal) (G1 Evacuation Pause)
[2024-09-28T01:52:29.459+0000][gc,task      ] GC(0) Using 2 workers of 2 for evacuation
[2024-09-28T01:52:29.479+0000][gc,phases    ] GC(0)   Pre Evacuate Collection Set: 0.1ms
[2024-09-28T01:52:29.479+0000][gc,phases    ] GC(0)   Evacuate Collection Set: 18.7ms
[2024-09-28T01:52:29.479+0000][gc,phases    ] GC(0)   Post Evacuate Collection Set: 0.5ms
[2024-09-28T01:52:29.479+0000][gc,phases    ] GC(0)   Other: 0.6ms
[2024-09-28T01:52:29.479+0000][gc,heap      ] GC(0) Eden regions: 51->0(44)
[2024-09-28T01:52:29.479+0000][gc,heap      ] GC(0) Survivor regions: 0->7(7)
[2024-09-28T01:52:29.479+0000][gc,heap      ] GC(0) Old regions: 2->3
[2024-09-28T01:52:29.479+0000][gc,heap      ] GC(0) Humongous regions: 0->0
[2024-09-28T01:52:29.479+0000][gc,metaspace ] GC(0) Metaspace: 13337K(13952K)->13337K(13952K) NonClass: 11656K(12032K)->11656K(12032K) Class: 1680K(1920K)->1680K(1920K)
[2024-09-28T01:52:29.479+0000][gc           ] GC(0) Pause Young (Normal) (G1 Evacuation Pause) 51M->8M(1024M) 20.029ms
[2024-09-28T01:52:29.479+0000][gc,cpu       ] GC(0) User=0.03s Sys=0.02s Real=0.02s
[2024-09-28T01:52:30.430+0000][gc,start     ] GC(1) Pause Young (Concurrent Start) (Metadata GC Threshold)
[2024-09-28T01:52:30.430+0000][gc,task      ] GC(1) Using 2 workers of 2 for evacuation
[2024-09-28T01:52:30.452+0000][gc,mmu       ] GC(1) MMU target violated: 21.0ms (20.0ms/21.0ms)
[2024-09-28T01:52:30.452+0000][gc,phases    ] GC(1)   Pre Evacuate Collection Set: 0.1ms
[2024-09-28T01:52:30.452+0000][gc,phases    ] GC(1)   Evacuate Collection Set: 20.5ms
[2024-09-28T01:52:30.452+0000][gc,phases    ] GC(1)   Post Evacuate Collection Set: 0.4ms
[2024-09-28T01:52:30.452+0000][gc,phases    ] GC(1)   Other: 0.6ms
[2024-09-28T01:52:30.452+0000][gc,heap      ] GC(1) Eden regions: 36->0(49)
[2024-09-28T01:52:30.452+0000][gc,heap      ] GC(1) Survivor regions: 7->2(7)
[2024-09-28T01:52:30.452+0000][gc,heap      ] GC(1) Old regions: 3->10
[2024-09-28T01:52:30.452+0000][gc,heap      ] GC(1) Humongous regions: 0->0
[2024-09-28T01:52:30.452+0000][gc,metaspace ] GC(1) Metaspace: 20623K(21248K)->20623K(21248K) NonClass: 18080K(18432K)->18080K(18432K) Class: 2542K(2816K)->2542K(2816K)
[2024-09-28T01:52:30.452+0000][gc           ] GC(1) Pause Young (Concurrent Start) (Metadata GC Threshold) 43M->9M(1024M) 21.639ms
[2024-09-28T01:52:30.452+0000][gc,cpu       ] GC(1) User=0.02s Sys=0.01s Real=0.02s
[2024-09-28T01:52:30.452+0000][gc           ] GC(2) Concurrent Cycle
[2024-09-28T01:52:30.452+0000][gc,marking   ] GC(2) Concurrent Clear Claimed Marks
[2024-09-28T01:52:30.452+0000][gc,marking   ] GC(2) Concurrent Clear Claimed Marks 0.028ms
[2024-09-28T01:52:30.452+0000][gc,marking   ] GC(2) Concurrent Scan Root Regions
[2024-09-28T01:52:30.454+0000][gc,marking   ] GC(2) Concurrent Scan Root Regions 1.784ms
[2024-09-28T01:52:30.454+0000][gc,marking   ] GC(2) Concurrent Mark (2.305s)
[2024-09-28T01:52:30.454+0000][gc,marking   ] GC(2) Concurrent Mark From Roots
[2024-09-28T01:52:30.454+0000][gc,task      ] GC(2) Using 1 workers of 1 for marking
[2024-09-28T01:52:30.469+0000][gc,marking   ] GC(2) Concurrent Mark From Roots 15.476ms
[2024-09-28T01:52:30.469+0000][gc,marking   ] GC(2) Concurrent Preclean
[2024-09-28T01:52:30.469+0000][gc,marking   ] GC(2) Concurrent Preclean 0.071ms
[2024-09-28T01:52:30.469+0000][gc,marking   ] GC(2) Concurrent Mark (2.305s, 2.321s) 15.585ms
[2024-09-28T01:52:30.469+0000][gc,start     ] GC(2) Pause Remark
[2024-09-28T01:52:30.472+0000][gc,stringtable] GC(2) Cleaned string and symbol table, strings: 5839 processed, 0 removed, symbols: 54728 processed, 49 removed
[2024-09-28T01:52:30.473+0000][gc            ] GC(2) Pause Remark 10M->10M(1024M) 3.271ms
[2024-09-28T01:52:30.473+0000][gc,cpu        ] GC(2) User=0.00s Sys=0.01s Real=0.00s
[2024-09-28T01:52:30.473+0000][gc,marking    ] GC(2) Concurrent Rebuild Remembered Sets
[2024-09-28T01:52:30.482+0000][gc,marking    ] GC(2) Concurrent Rebuild Remembered Sets 9.362ms
[2024-09-28T01:52:30.485+0000][gc,start      ] GC(2) Pause Cleanup
[2024-09-28T01:52:30.485+0000][gc            ] GC(2) Pause Cleanup 10M->10M(1024M) 0.243ms
[2024-09-28T01:52:30.485+0000][gc,cpu        ] GC(2) User=0.00s Sys=0.00s Real=0.00s
[2024-09-28T01:52:30.485+0000][gc,marking    ] GC(2) Concurrent Cleanup for Next Mark
[2024-09-28T01:52:30.533+0000][gc,marking    ] GC(2) Concurrent Cleanup for Next Mark 47.404ms
[2024-09-28T01:52:30.533+0000][gc            ] GC(2) Concurrent Cycle 81.071ms
[2024-09-28T01:52:31.485+0000][gc,start      ] GC(3) Pause Young (Normal) (G1 Evacuation Pause)
[2024-09-28T01:52:31.485+0000][gc,task       ] GC(3) Using 2 workers of 2 for evacuation
[2024-09-28T01:52:31.495+0000][gc,phases     ] GC(3)   Pre Evacuate Collection Set: 0.1ms
[2024-09-28T01:52:31.495+0000][gc,phases     ] GC(3)   Evacuate Collection Set: 9.6ms
[2024-09-28T01:52:31.495+0000][gc,phases     ] GC(3)   Post Evacuate Collection Set: 0.4ms
[2024-09-28T01:52:31.495+0000][gc,phases     ] GC(3)   Other: 0.2ms
[2024-09-28T01:52:31.495+0000][gc,heap       ] GC(3) Eden regions: 49->0(46)
[2024-09-28T01:52:31.495+0000][gc,heap       ] GC(3) Survivor regions: 2->5(7)
[2024-09-28T01:52:31.495+0000][gc,heap       ] GC(3) Old regions: 10->10
[2024-09-28T01:52:31.495+0000][gc,heap       ] GC(3) Humongous regions: 129->129
[2024-09-28T01:52:31.495+0000][gc,metaspace  ] GC(3) Metaspace: 28597K(29692K)->28597K(29692K) NonClass: 25246K(25852K)->25246K(25852K) Class: 3351K(3840K)->3351K(3840K)
[2024-09-28T01:52:31.495+0000][gc            ] GC(3) Pause Young (Normal) (G1 Evacuation Pause) 187M->141M(1024M) 10.366ms
[2024-09-28T01:52:31.495+0000][gc,cpu        ] GC(3) User=0.02s Sys=0.00s Real=0.01s
[2024-09-28T01:52:32.110+0000][gc,start      ] GC(4) Pause Young (Concurrent Start) (Metadata GC Threshold)
[2024-09-28T01:52:32.110+0000][gc,task       ] GC(4) Using 2 workers of 2 for evacuation
[2024-09-28T01:52:32.124+0000][gc,phases     ] GC(4)   Pre Evacuate Collection Set: 0.2ms
[2024-09-28T01:52:32.124+0000][gc,phases     ] GC(4)   Evacuate Collection Set: 13.6ms
[2024-09-28T01:52:32.124+0000][gc,phases     ] GC(4)   Post Evacuate Collection Set: 0.3ms
[2024-09-28T01:52:32.124+0000][gc,phases     ] GC(4)   Other: 0.4ms
[2024-09-28T01:52:32.124+0000][gc,heap       ] GC(4) Eden regions: 37->0(44)
[2024-09-28T01:52:32.124+0000][gc,heap       ] GC(4) Survivor regions: 5->7(7)
[2024-09-28T01:52:32.124+0000][gc,heap       ] GC(4) Old regions: 10->11
[2024-09-28T01:52:32.124+0000][gc,heap       ] GC(4) Humongous regions: 129->129
[2024-09-28T01:52:32.124+0000][gc,metaspace  ] GC(4) Metaspace: 34750K(36048K)->34750K(36048K) NonClass: 30731K(31440K)->30731K(31440K) Class: 4018K(4608K)->4018K(4608K)
[2024-09-28T01:52:32.124+0000][gc            ] GC(4) Pause Young (Concurrent Start) (Metadata GC Threshold) 177M->144M(1024M) 14.616ms
[2024-09-28T01:52:32.124+0000][gc,cpu        ] GC(4) User=0.02s Sys=0.00s Real=0.02s
[2024-09-28T01:52:32.124+0000][gc            ] GC(5) Concurrent Cycle
[2024-09-28T01:52:32.124+0000][gc,marking    ] GC(5) Concurrent Clear Claimed Marks
[2024-09-28T01:52:32.124+0000][gc,marking    ] GC(5) Concurrent Clear Claimed Marks 0.058ms
[2024-09-28T01:52:32.124+0000][gc,marking    ] GC(5) Concurrent Scan Root Regions
[2024-09-28T01:52:32.128+0000][gc,marking    ] GC(5) Concurrent Scan Root Regions 3.844ms
[2024-09-28T01:52:32.128+0000][gc,marking    ] GC(5) Concurrent Mark (3.980s)
[2024-09-28T01:52:32.128+0000][gc,marking    ] GC(5) Concurrent Mark From Roots
[2024-09-28T01:52:32.128+0000][gc,task       ] GC(5) Using 1 workers of 1 for marking
[2024-09-28T01:52:32.191+0000][gc,marking    ] GC(5) Concurrent Mark From Roots 62.610ms
[2024-09-28T01:52:32.191+0000][gc,marking    ] GC(5) Concurrent Preclean
[2024-09-28T01:52:32.191+0000][gc,marking    ] GC(5) Concurrent Preclean 0.085ms
[2024-09-28T01:52:32.191+0000][gc,marking    ] GC(5) Concurrent Mark (3.980s, 4.043s) 62.774ms
[2024-09-28T01:52:32.196+0000][gc,start      ] GC(5) Pause Remark
[2024-09-28T01:52:32.201+0000][gc,stringtable] GC(5) Cleaned string and symbol table, strings: 10652 processed, 8 removed, symbols: 89916 processed, 15 removed
[2024-09-28T01:52:32.201+0000][gc            ] GC(5) Pause Remark 147M->147M(1024M) 5.203ms
[2024-09-28T01:52:32.201+0000][gc,cpu        ] GC(5) User=0.01s Sys=0.00s Real=0.00s
[2024-09-28T01:52:32.205+0000][gc,marking    ] GC(5) Concurrent Rebuild Remembered Sets
[2024-09-28T01:52:32.222+0000][gc,marking    ] GC(5) Concurrent Rebuild Remembered Sets 16.430ms
[2024-09-28T01:52:32.222+0000][gc,start      ] GC(5) Pause Cleanup
[2024-09-28T01:52:32.223+0000][gc            ] GC(5) Pause Cleanup 148M->148M(1024M) 0.239ms
[2024-09-28T01:52:32.223+0000][gc,cpu        ] GC(5) User=0.00s Sys=0.00s Real=0.00s
[2024-09-28T01:52:32.223+0000][gc,marking    ] GC(5) Concurrent Cleanup for Next Mark
[2024-09-28T01:52:32.326+0000][gc,marking    ] GC(5) Concurrent Cleanup for Next Mark 102.897ms
[2024-09-28T01:52:32.326+0000][gc            ] GC(5) Concurrent Cycle 201.405ms
[2024-09-28T01:57:58.474+0000][gc,start      ] GC(6) Pause Young (Concurrent Start) (G1 Evacuation Pause)
[2024-09-28T01:57:58.474+0000][gc,task       ] GC(6) Using 2 workers of 2 for evacuation
[2024-09-28T01:57:58.524+0000][gc,mmu        ] GC(6) MMU target violated: 21.0ms (20.0ms/21.0ms)
[2024-09-28T01:57:58.524+0000][gc,phases     ] GC(6)   Pre Evacuate Collection Set: 1.8ms
[2024-09-28T01:57:58.524+0000][gc,phases     ] GC(6)   Evacuate Collection Set: 39.9ms
[2024-09-28T01:57:58.524+0000][gc,phases     ] GC(6)   Post Evacuate Collection Set: 1.2ms
[2024-09-28T01:57:58.524+0000][gc,phases     ] GC(6)   Other: 7.7ms
[2024-09-28T01:57:58.524+0000][gc,heap       ] GC(6) Eden regions: 44->0(45)
[2024-09-28T01:57:58.524+0000][gc,heap       ] GC(6) Survivor regions: 7->6(7)
[2024-09-28T01:57:58.524+0000][gc,heap       ] GC(6) Old regions: 11->14
[2024-09-28T01:57:58.524+0000][gc,heap       ] GC(6) Humongous regions: 129->129
[2024-09-28T01:57:58.524+0000][gc,metaspace  ] GC(6) Metaspace: 42043K(44648K)->42043K(44648K) NonClass: 36538K(37840K)->36538K(37840K) Class: 5505K(6808K)->5505K(6808K)
[2024-09-28T01:57:58.524+0000][gc            ] GC(6) Pause Young (Concurrent Start) (G1 Evacuation Pause) 188M->146M(1024M) 50.247ms
[2024-09-28T01:57:58.524+0000][gc,cpu        ] GC(6) User=0.09s Sys=0.00s Real=0.06s
[2024-09-28T01:57:58.524+0000][gc            ] GC(7) Concurrent Cycle
[2024-09-28T01:57:58.524+0000][gc,marking    ] GC(7) Concurrent Clear Claimed Marks
[2024-09-28T01:57:58.524+0000][gc,marking    ] GC(7) Concurrent Clear Claimed Marks 0.104ms
[2024-09-28T01:57:58.524+0000][gc,marking    ] GC(7) Concurrent Scan Root Regions
[2024-09-28T01:57:58.532+0000][gc,marking    ] GC(7) Concurrent Scan Root Regions 7.865ms
[2024-09-28T01:57:58.532+0000][gc,marking    ] GC(7) Concurrent Mark (330.384s)
[2024-09-28T01:57:58.532+0000][gc,marking    ] GC(7) Concurrent Mark From Roots
[2024-09-28T01:57:58.532+0000][gc,task       ] GC(7) Using 1 workers of 1 for marking
[2024-09-28T01:57:58.567+0000][gc,marking    ] GC(7) Concurrent Mark From Roots 34.699ms
[2024-09-28T01:57:58.567+0000][gc,marking    ] GC(7) Concurrent Preclean
[2024-09-28T01:57:58.567+0000][gc,marking    ] GC(7) Concurrent Preclean 0.114ms
[2024-09-28T01:57:58.567+0000][gc,marking    ] GC(7) Concurrent Mark (330.384s, 330.418s) 34.863ms
[2024-09-28T01:57:58.567+0000][gc,start      ] GC(7) Pause Remark
[2024-09-28T01:57:58.579+0000][gc,stringtable] GC(7) Cleaned string and symbol table, strings: 11686 processed, 8 removed, symbols: 97460 processed, 3 removed
[2024-09-28T01:57:58.580+0000][gc            ] GC(7) Pause Remark 147M->147M(1024M) 12.657ms
[2024-09-28T01:57:58.580+0000][gc,cpu        ] GC(7) User=0.03s Sys=0.00s Real=0.01s
[2024-09-28T01:57:58.580+0000][gc,marking    ] GC(7) Concurrent Rebuild Remembered Sets
[2024-09-28T01:57:58.594+0000][gc,marking    ] GC(7) Concurrent Rebuild Remembered Sets 14.419ms
[2024-09-28T01:57:58.594+0000][gc,start      ] GC(7) Pause Cleanup
[2024-09-28T01:57:58.595+0000][gc            ] GC(7) Pause Cleanup 147M->147M(1024M) 0.226ms
[2024-09-28T01:57:58.595+0000][gc,cpu        ] GC(7) User=0.00s Sys=0.00s Real=0.00s
[2024-09-28T01:57:58.595+0000][gc,marking    ] GC(7) Concurrent Cleanup for Next Mark
[2024-09-28T01:57:58.616+0000][gc,marking    ] GC(7) Concurrent Cleanup for Next Mark 21.722ms
[2024-09-28T01:57:58.616+0000][gc            ] GC(7) Concurrent Cycle 92.487ms
[2024-09-28T02:14:02.196+0000][gc,start      ] GC(8) Pause Young (Normal) (G1 Evacuation Pause)
[2024-09-28T02:14:02.196+0000][gc,task       ] GC(8) Using 2 workers of 2 for evacuation
[2024-09-28T02:14:02.233+0000][gc,mmu        ] GC(8) MMU target violated: 21.0ms (20.0ms/21.0ms)
[2024-09-28T02:14:02.233+0000][gc,phases     ] GC(8)   Pre Evacuate Collection Set: 3.0ms
[2024-09-28T02:14:02.233+0000][gc,phases     ] GC(8)   Evacuate Collection Set: 32.2ms
[2024-09-28T02:14:02.233+0000][gc,phases     ] GC(8)   Post Evacuate Collection Set: 1.0ms
[2024-09-28T02:14:02.233+0000][gc,phases     ] GC(8)   Other: 1.2ms
[2024-09-28T02:14:02.233+0000][gc,heap       ] GC(8) Eden regions: 45->0(47)
[2024-09-28T02:14:02.233+0000][gc,heap       ] GC(8) Survivor regions: 6->4(7)
[2024-09-28T02:14:02.233+0000][gc,heap       ] GC(8) Old regions: 14->16
[2024-09-28T02:14:02.233+0000][gc,heap       ] GC(8) Humongous regions: 129->129
[2024-09-28T02:14:02.233+0000][gc,metaspace  ] GC(8) Metaspace: 43073K(45672K)->43073K(45672K) NonClass: 37549K(38864K)->37549K(38864K) Class: 5524K(6808K)->5524K(6808K)
[2024-09-28T02:14:02.233+0000][gc            ] GC(8) Pause Young (Normal) (G1 Evacuation Pause) 191M->147M(1024M) 37.433ms
[2024-09-28T02:14:02.233+0000][gc,cpu        ] GC(8) User=0.06s Sys=0.01s Real=0.03s
[2024-09-28T02:32:03.472+0000][gc,start      ] GC(9) Pause Young (Normal) (G1 Evacuation Pause)
[2024-09-28T02:32:03.472+0000][gc,task       ] GC(9) Using 2 workers of 2 for evacuation
[2024-09-28T02:32:03.497+0000][gc,mmu        ] GC(9) MMU target violated: 21.0ms (20.0ms/21.0ms)
[2024-09-28T02:32:03.498+0000][gc,phases     ] GC(9)   Pre Evacuate Collection Set: 4.9ms
[2024-09-28T02:32:03.498+0000][gc,phases     ] GC(9)   Evacuate Collection Set: 18.4ms
[2024-09-28T02:32:03.498+0000][gc,phases     ] GC(9)   Post Evacuate Collection Set: 1.0ms
[2024-09-28T02:32:03.498+0000][gc,phases     ] GC(9)   Other: 1.8ms
[2024-09-28T02:32:03.498+0000][gc,heap       ] GC(9) Eden regions: 47->0(47)
[2024-09-28T02:32:03.498+0000][gc,heap       ] GC(9) Survivor regions: 4->4(7)
[2024-09-28T02:32:03.498+0000][gc,heap       ] GC(9) Old regions: 16->16
[2024-09-28T02:32:03.498+0000][gc,heap       ] GC(9) Humongous regions: 129->129
[2024-09-28T02:32:03.498+0000][gc,metaspace  ] GC(9) Metaspace: 43200K(45928K)->43200K(45928K) NonClass: 37676K(39120K)->37676K(39120K) Class: 5524K(6808K)->5524K(6808K)
[2024-09-28T02:32:03.498+0000][gc            ] GC(9) Pause Young (Normal) (G1 Evacuation Pause) 194M->147M(1024M) 25.906ms
[2024-09-28T02:32:03.498+0000][gc,cpu        ] GC(9) User=0.05s Sys=0.00s Real=0.03s
[2024-09-28T02:50:58.365+0000][gc,start      ] GC(10) Pause Young (Normal) (G1 Evacuation Pause)
[2024-09-28T02:50:58.366+0000][gc,task       ] GC(10) Using 2 workers of 2 for evacuation
[2024-09-28T02:50:58.406+0000][gc,mmu        ] GC(10) MMU target violated: 21.0ms (20.0ms/21.0ms)
[2024-09-28T02:50:58.406+0000][gc,phases     ] GC(10)   Pre Evacuate Collection Set: 5.9ms
[2024-09-28T02:50:58.406+0000][gc,phases     ] GC(10)   Evacuate Collection Set: 32.6ms
[2024-09-28T02:50:58.406+0000][gc,phases     ] GC(10)   Post Evacuate Collection Set: 0.9ms
[2024-09-28T02:50:58.406+0000][gc,phases     ] GC(10)   Other: 1.9ms
[2024-09-28T02:50:58.406+0000][gc,heap       ] GC(10) Eden regions: 47->0(47)
[2024-09-28T02:50:58.406+0000][gc,heap       ] GC(10) Survivor regions: 4->4(7)
[2024-09-28T02:50:58.406+0000][gc,heap       ] GC(10) Old regions: 16->16
[2024-09-28T02:50:58.406+0000][gc,heap       ] GC(10) Humongous regions: 129->129
[2024-09-28T02:50:58.406+0000][gc,metaspace  ] GC(10) Metaspace: 43309K(45928K)->43309K(45928K) NonClass: 37784K(39120K)->37784K(39120K) Class: 5524K(6808K)->5524K(6808K)
[2024-09-28T02:50:58.406+0000][gc            ] GC(10) Pause Young (Normal) (G1 Evacuation Pause) 194M->147M(1024M) 41.249ms
[2024-09-28T02:50:58.406+0000][gc,cpu        ] GC(10) User=0.08s Sys=0.00s Real=0.04s
[2024-09-28T03:09:38.472+0000][gc,start      ] GC(11) Pause Young (Normal) (G1 Evacuation Pause)
[2024-09-28T03:09:38.473+0000][gc,task       ] GC(11) Using 2 workers of 2 for evacuation
[2024-09-28T03:09:38.506+0000][gc,mmu        ] GC(11) MMU target violated: 21.0ms (20.0ms/21.0ms)
[2024-09-28T03:09:38.506+0000][gc,phases     ] GC(11)   Pre Evacuate Collection Set: 4.4ms
[2024-09-28T03:09:38.506+0000][gc,phases     ] GC(11)   Evacuate Collection Set: 27.8ms
[2024-09-28T03:09:38.506+0000][gc,phases     ] GC(11)   Post Evacuate Collection Set: 0.8ms
[2024-09-28T03:09:38.506+0000][gc,phases     ] GC(11)   Other: 1.4ms
[2024-09-28T03:09:38.506+0000][gc,heap       ] GC(11) Eden regions: 47->0(48)
[2024-09-28T03:09:38.506+0000][gc,heap       ] GC(11) Survivor regions: 4->3(7)
[2024-09-28T03:09:38.506+0000][gc,heap       ] GC(11) Old regions: 16->18
[2024-09-28T03:09:38.506+0000][gc,heap       ] GC(11) Humongous regions: 129->129
[2024-09-28T03:09:38.506+0000][gc,metaspace  ] GC(11) Metaspace: 43405K(46184K)->43405K(46184K) NonClass: 37875K(39376K)->37875K(39376K) Class: 5529K(6808K)->5529K(6808K)
[2024-09-28T03:09:38.506+0000][gc            ] GC(11) Pause Young (Normal) (G1 Evacuation Pause) 194M->148M(1024M) 34.298ms
[2024-09-28T03:09:38.507+0000][gc,cpu        ] GC(11) User=0.06s Sys=0.00s Real=0.04s
[2024-09-28T03:25:42.700+0000][gc,start      ] GC(12) Pause Young (Normal) (G1 Evacuation Pause)
[2024-09-28T03:25:42.700+0000][gc,task       ] GC(12) Using 2 workers of 2 for evacuation
[2024-09-28T03:25:42.729+0000][gc,mmu        ] GC(12) MMU target violated: 21.0ms (20.0ms/21.0ms)
[2024-09-28T03:25:42.729+0000][gc,phases     ] GC(12)   Pre Evacuate Collection Set: 4.8ms
[2024-09-28T03:25:42.729+0000][gc,phases     ] GC(12)   Evacuate Collection Set: 22.8ms
[2024-09-28T03:25:42.729+0000][gc,phases     ] GC(12)   Post Evacuate Collection Set: 0.7ms
[2024-09-28T03:25:42.729+0000][gc,phases     ] GC(12)   Other: 1.4ms
[2024-09-28T03:25:42.729+0000][gc,heap       ] GC(12) Eden regions: 48->0(49)
[2024-09-28T03:25:42.729+0000][gc,heap       ] GC(12) Survivor regions: 3->2(7)
[2024-09-28T03:25:42.729+0000][gc,heap       ] GC(12) Old regions: 18->18
[2024-09-28T03:25:42.729+0000][gc,heap       ] GC(12) Humongous regions: 129->129
[2024-09-28T03:25:42.729+0000][gc,metaspace  ] GC(12) Metaspace: 43425K(46184K)->43425K(46184K) NonClass: 37896K(39376K)->37896K(39376K) Class: 5529K(6808K)->5529K(6808K)
[2024-09-28T03:25:42.729+0000][gc            ] GC(12) Pause Young (Normal) (G1 Evacuation Pause) 196M->147M(1024M) 29.619ms
[2024-09-28T03:25:42.729+0000][gc,cpu        ] GC(12) User=0.05s Sys=0.00s Real=0.03s
[2024-09-28T03:34:10.399+0000][gc,start      ] GC(13) Pause Young (Normal) (G1 Evacuation Pause)
[2024-09-28T03:34:10.399+0000][gc,task       ] GC(13) Using 2 workers of 2 for evacuation
[2024-09-28T03:34:10.426+0000][gc,mmu        ] GC(13) MMU target violated: 21.0ms (20.0ms/21.0ms)
[2024-09-28T03:34:10.426+0000][gc,phases     ] GC(13)   Pre Evacuate Collection Set: 4.9ms
[2024-09-28T03:34:10.426+0000][gc,phases     ] GC(13)   Evacuate Collection Set: 20.4ms
[2024-09-28T03:34:10.426+0000][gc,phases     ] GC(13)   Post Evacuate Collection Set: 0.8ms
[2024-09-28T03:34:10.426+0000][gc,phases     ] GC(13)   Other: 1.4ms
[2024-09-28T03:34:10.427+0000][gc,heap       ] GC(13) Eden regions: 49->0(49)
[2024-09-28T03:34:10.427+0000][gc,heap       ] GC(13) Survivor regions: 2->2(7)
[2024-09-28T03:34:10.427+0000][gc,heap       ] GC(13) Old regions: 18->18
[2024-09-28T03:34:10.427+0000][gc,heap       ] GC(13) Humongous regions: 129->129
[2024-09-28T03:34:10.427+0000][gc,metaspace  ] GC(13) Metaspace: 43466K(46184K)->43466K(46184K) NonClass: 37934K(39376K)->37934K(39376K) Class: 5531K(6808K)->5531K(6808K)
[2024-09-28T03:34:10.427+0000][gc            ] GC(13) Pause Young (Normal) (G1 Evacuation Pause) 196M->147M(1024M) 27.539ms
[2024-09-28T03:34:10.427+0000][gc,cpu        ] GC(13) User=0.05s Sys=0.00s Real=0.03s
[2024-09-28T03:45:19.055+0000][gc,start      ] GC(14) Pause Young (Normal) (G1 Evacuation Pause)
[2024-09-28T03:45:19.056+0000][gc,task       ] GC(14) Using 2 workers of 2 for evacuation
[2024-09-28T03:45:19.078+0000][gc,mmu        ] GC(14) MMU target violated: 21.0ms (20.0ms/21.0ms)
[2024-09-28T03:45:19.078+0000][gc,phases     ] GC(14)   Pre Evacuate Collection Set: 4.6ms
[2024-09-28T03:45:19.078+0000][gc,phases     ] GC(14)   Evacuate Collection Set: 15.9ms
[2024-09-28T03:45:19.078+0000][gc,phases     ] GC(14)   Post Evacuate Collection Set: 0.7ms
[2024-09-28T03:45:19.078+0000][gc,phases     ] GC(14)   Other: 1.3ms
[2024-09-28T03:45:19.078+0000][gc,heap       ] GC(14) Eden regions: 49->0(49)
[2024-09-28T03:45:19.078+0000][gc,heap       ] GC(14) Survivor regions: 2->2(7)
[2024-09-28T03:45:19.078+0000][gc,heap       ] GC(14) Old regions: 18->18
[2024-09-28T03:45:19.078+0000][gc,heap       ] GC(14) Humongous regions: 129->129
[2024-09-28T03:45:19.078+0000][gc,metaspace  ] GC(14) Metaspace: 43474K(46184K)->43474K(46184K) NonClass: 37943K(39376K)->37943K(39376K) Class: 5531K(6808K)->5531K(6808K)
[2024-09-28T03:45:19.078+0000][gc            ] GC(14) Pause Young (Normal) (G1 Evacuation Pause) 196M->147M(1024M) 22.507ms
[2024-09-28T03:45:19.078+0000][gc,cpu        ] GC(14) User=0.04s Sys=0.00s Real=0.02s
[2024-09-28T03:56:37.535+0000][gc,start      ] GC(15) Pause Young (Normal) (G1 Evacuation Pause)
[2024-09-28T03:56:37.535+0000][gc,task       ] GC(15) Using 2 workers of 2 for evacuation
[2024-09-28T03:56:37.557+0000][gc,mmu        ] GC(15) MMU target violated: 21.0ms (20.0ms/21.0ms)
[2024-09-28T03:56:37.557+0000][gc,phases     ] GC(15)   Pre Evacuate Collection Set: 4.9ms
[2024-09-28T03:56:37.557+0000][gc,phases     ] GC(15)   Evacuate Collection Set: 14.7ms
[2024-09-28T03:56:37.557+0000][gc,phases     ] GC(15)   Post Evacuate Collection Set: 0.9ms
[2024-09-28T03:56:37.557+0000][gc,phases     ] GC(15)   Other: 1.5ms
[2024-09-28T03:56:37.557+0000][gc,heap       ] GC(15) Eden regions: 49->0(48)
[2024-09-28T03:56:37.557+0000][gc,heap       ] GC(15) Survivor regions: 2->3(7)
[2024-09-28T03:56:37.557+0000][gc,heap       ] GC(15) Old regions: 18->18
[2024-09-28T03:56:37.557+0000][gc,heap       ] GC(15) Humongous regions: 129->129
[2024-09-28T03:56:37.557+0000][gc,metaspace  ] GC(15) Metaspace: 43489K(46184K)->43489K(46184K) NonClass: 37957K(39376K)->37957K(39376K) Class: 5531K(6808K)->5531K(6808K)
[2024-09-28T03:56:37.557+0000][gc            ] GC(15) Pause Young (Normal) (G1 Evacuation Pause) 196M->148M(1024M) 21.962ms
[2024-09-28T03:56:37.557+0000][gc,cpu        ] GC(15) User=0.04s Sys=0.00s Real=0.02s
[2024-09-28T04:07:31.459+0000][gc,start      ] GC(16) Pause Young (Normal) (G1 Evacuation Pause)
[2024-09-28T04:07:31.459+0000][gc,task       ] GC(16) Using 2 workers of 2 for evacuation
[2024-09-28T04:07:31.483+0000][gc,mmu        ] GC(16) MMU target violated: 21.0ms (20.0ms/21.0ms)
[2024-09-28T04:07:31.483+0000][gc,phases     ] GC(16)   Pre Evacuate Collection Set: 4.0ms
[2024-09-28T04:07:31.483+0000][gc,phases     ] GC(16)   Evacuate Collection Set: 18.4ms
[2024-09-28T04:07:31.483+0000][gc,phases     ] GC(16)   Post Evacuate Collection Set: 0.6ms
[2024-09-28T04:07:31.483+0000][gc,phases     ] GC(16)   Other: 0.8ms
[2024-09-28T04:07:31.483+0000][gc,heap       ] GC(16) Eden regions: 48->0(48)
[2024-09-28T04:07:31.483+0000][gc,heap       ] GC(16) Survivor regions: 3->3(7)
[2024-09-28T04:07:31.483+0000][gc,heap       ] GC(16) Old regions: 18->18
[2024-09-28T04:07:31.483+0000][gc,heap       ] GC(16) Humongous regions: 129->129
[2024-09-28T04:07:31.483+0000][gc,metaspace  ] GC(16) Metaspace: 43536K(46184K)->43536K(46184K) NonClass: 38005K(39376K)->38005K(39376K) Class: 5531K(6808K)->5531K(6808K)
[2024-09-28T04:07:31.483+0000][gc            ] GC(16) Pause Young (Normal) (G1 Evacuation Pause) 196M->148M(1024M) 23.884ms
[2024-09-28T04:07:31.483+0000][gc,cpu        ] GC(16) User=0.04s Sys=0.00s Real=0.03s
[2024-09-28T04:12:49.059+0000][gc,heap,exit  ] Heap
[2024-09-28T04:12:49.059+0000][gc,heap,exit  ]  garbage-first heap   total 1048576K, used 183358K [0x00000000c0000000, 0x0000000100000000)
[2024-09-28T04:12:49.059+0000][gc,heap,exit  ]   region size 1024K, 36 young (36864K), 3 survivors (3072K)
[2024-09-28T04:12:49.059+0000][gc,heap,exit  ]  Metaspace       used 44634K, capacity 47298K, committed 47592K, reserved 1089536K
[2024-09-28T04:12:49.059+0000][gc,heap,exit  ]   class space    used 5782K, capacity 7087K, committed 7192K, reserved 1048576K
