[2024-09-28T03:21:17.770+0000][gc,heap] Heap region size: 1M
[2024-09-28T03:21:17.783+0000][gc     ] Using G1
[2024-09-28T03:21:17.783+0000][gc,heap,coops] Heap address: 0x00000000c0000000, size: 1024 MB, Compressed Oops mode: 32-bit
[2024-09-28T03:21:17.783+0000][gc,cds       ] Mark closed archive regions in map: [0x00000000fff00000, 0x00000000fff6bff8]
[2024-09-28T03:21:17.783+0000][gc,cds       ] Mark open archive regions in map: [0x00000000ffe00000, 0x00000000ffe47ff8]
[2024-09-28T03:21:19.029+0000][gc,start     ] GC(0) Pause Young (Normal) (G1 Evacuation Pause)
[2024-09-28T03:21:19.029+0000][gc,task      ] GC(0) Using 2 workers of 2 for evacuation
[2024-09-28T03:21:19.047+0000][gc,phases    ] GC(0)   Pre Evacuate Collection Set: 0.1ms
[2024-09-28T03:21:19.047+0000][gc,phases    ] GC(0)   Evacuate Collection Set: 17.6ms
[2024-09-28T03:21:19.047+0000][gc,phases    ] GC(0)   Post Evacuate Collection Set: 0.4ms
[2024-09-28T03:21:19.047+0000][gc,phases    ] GC(0)   Other: 0.4ms
[2024-09-28T03:21:19.047+0000][gc,heap      ] GC(0) Eden regions: 51->0(44)
[2024-09-28T03:21:19.047+0000][gc,heap      ] GC(0) Survivor regions: 0->7(7)
[2024-09-28T03:21:19.047+0000][gc,heap      ] GC(0) Old regions: 2->3
[2024-09-28T03:21:19.047+0000][gc,heap      ] GC(0) Humongous regions: 0->0
[2024-09-28T03:21:19.047+0000][gc,metaspace ] GC(0) Metaspace: 13080K(13568K)->13080K(13568K) NonClass: 11456K(11776K)->11456K(11776K) Class: 1623K(1792K)->1623K(1792K)
[2024-09-28T03:21:19.047+0000][gc           ] GC(0) Pause Young (Normal) (G1 Evacuation Pause) 51M->8M(1024M) 18.586ms
[2024-09-28T03:21:19.047+0000][gc,cpu       ] GC(0) User=0.02s Sys=0.01s Real=0.02s
[2024-09-28T03:21:19.728+0000][gc,start     ] GC(1) Pause Young (Concurrent Start) (Metadata GC Threshold)
[2024-09-28T03:21:19.728+0000][gc,task      ] GC(1) Using 2 workers of 2 for evacuation
[2024-09-28T03:21:19.765+0000][gc,mmu       ] GC(1) MMU target violated: 21.0ms (20.0ms/21.0ms)
[2024-09-28T03:21:19.765+0000][gc,phases    ] GC(1)   Pre Evacuate Collection Set: 0.1ms
[2024-09-28T03:21:19.765+0000][gc,phases    ] GC(1)   Evacuate Collection Set: 32.4ms
[2024-09-28T03:21:19.765+0000][gc,phases    ] GC(1)   Post Evacuate Collection Set: 3.7ms
[2024-09-28T03:21:19.765+0000][gc,phases    ] GC(1)   Other: 0.6ms
[2024-09-28T03:21:19.765+0000][gc,heap      ] GC(1) Eden regions: 35->0(49)
[2024-09-28T03:21:19.765+0000][gc,heap      ] GC(1) Survivor regions: 7->2(7)
[2024-09-28T03:21:19.765+0000][gc,heap      ] GC(1) Old regions: 3->10
[2024-09-28T03:21:19.765+0000][gc,heap      ] GC(1) Humongous regions: 0->0
[2024-09-28T03:21:19.765+0000][gc,metaspace ] GC(1) Metaspace: 20605K(21248K)->20605K(21248K) NonClass: 18068K(18432K)->18068K(18432K) Class: 2537K(2816K)->2537K(2816K)
[2024-09-28T03:21:19.765+0000][gc           ] GC(1) Pause Young (Concurrent Start) (Metadata GC Threshold) 42M->9M(1024M) 36.851ms
[2024-09-28T03:21:19.765+0000][gc,cpu       ] GC(1) User=0.04s Sys=0.01s Real=0.04s
[2024-09-28T03:21:19.765+0000][gc           ] GC(2) Concurrent Cycle
[2024-09-28T03:21:19.765+0000][gc,marking   ] GC(2) Concurrent Clear Claimed Marks
[2024-09-28T03:21:19.765+0000][gc,marking   ] GC(2) Concurrent Clear Claimed Marks 0.036ms
[2024-09-28T03:21:19.765+0000][gc,marking   ] GC(2) Concurrent Scan Root Regions
[2024-09-28T03:21:19.771+0000][gc,marking   ] GC(2) Concurrent Scan Root Regions 5.761ms
[2024-09-28T03:21:19.771+0000][gc,marking   ] GC(2) Concurrent Mark (2.005s)
[2024-09-28T03:21:19.771+0000][gc,marking   ] GC(2) Concurrent Mark From Roots
[2024-09-28T03:21:19.771+0000][gc,task      ] GC(2) Using 1 workers of 1 for marking
[2024-09-28T03:21:19.789+0000][gc,marking   ] GC(2) Concurrent Mark From Roots 18.532ms
[2024-09-28T03:21:19.789+0000][gc,marking   ] GC(2) Concurrent Preclean
[2024-09-28T03:21:19.789+0000][gc,marking   ] GC(2) Concurrent Preclean 0.135ms
[2024-09-28T03:21:19.789+0000][gc,marking   ] GC(2) Concurrent Mark (2.005s, 2.024s) 18.725ms
[2024-09-28T03:21:19.790+0000][gc,start     ] GC(2) Pause Remark
[2024-09-28T03:21:19.794+0000][gc,stringtable] GC(2) Cleaned string and symbol table, strings: 5808 processed, 0 removed, symbols: 54691 processed, 47 removed
[2024-09-28T03:21:19.794+0000][gc            ] GC(2) Pause Remark 10M->10M(1024M) 4.251ms
[2024-09-28T03:21:19.794+0000][gc,cpu        ] GC(2) User=0.00s Sys=0.00s Real=0.00s
[2024-09-28T03:21:19.794+0000][gc,marking    ] GC(2) Concurrent Rebuild Remembered Sets
[2024-09-28T03:21:19.810+0000][gc,marking    ] GC(2) Concurrent Rebuild Remembered Sets 16.205ms
[2024-09-28T03:21:19.810+0000][gc,start      ] GC(2) Pause Cleanup
[2024-09-28T03:21:19.811+0000][gc            ] GC(2) Pause Cleanup 11M->11M(1024M) 0.317ms
[2024-09-28T03:21:19.811+0000][gc,cpu        ] GC(2) User=0.00s Sys=0.00s Real=0.00s
[2024-09-28T03:21:19.811+0000][gc,marking    ] GC(2) Concurrent Cleanup for Next Mark
[2024-09-28T03:21:19.878+0000][gc,marking    ] GC(2) Concurrent Cleanup for Next Mark 66.836ms
[2024-09-28T03:21:19.878+0000][gc            ] GC(2) Concurrent Cycle 112.840ms
[2024-09-28T03:21:20.043+0000][gc,heap,exit  ] Heap
[2024-09-28T03:21:20.043+0000][gc,heap,exit  ]  garbage-first heap   total 1048576K, used 13567K [0x00000000c0000000, 0x0000000100000000)
[2024-09-28T03:21:20.043+0000][gc,heap,exit  ]   region size 1024K, 8 young (8192K), 2 survivors (2048K)
[2024-09-28T03:21:20.043+0000][gc,heap,exit  ]  Metaspace       used 21243K, capacity 21900K, committed 22140K, reserved 1069056K
[2024-09-28T03:21:20.043+0000][gc,heap,exit  ]   class space    used 2635K, capacity 2908K, committed 2940K, reserved 1048576K
