[2024-09-27T15:29:07.257+0000][gc,heap] Heap region size: 1M
[2024-09-27T15:29:07.266+0000][gc     ] Using G1
[2024-09-27T15:29:07.266+0000][gc,heap,coops] Heap address: 0x00000000e0000000, size: 512 MB, Compressed Oops mode: 32-bit
[2024-09-27T15:29:07.267+0000][gc,cds       ] Mark closed archive regions in map: [0x00000000fff00000, 0x00000000fff6bff8]
[2024-09-27T15:29:07.267+0000][gc,cds       ] Mark open archive regions in map: [0x00000000ffe00000, 0x00000000ffe47ff8]
[2024-09-27T15:29:08.039+0000][gc,start     ] GC(0) Pause Young (Normal) (G1 Evacuation Pause)
[2024-09-27T15:29:08.039+0000][gc,task      ] GC(0) Using 2 workers of 2 for evacuation
[2024-09-27T15:29:08.062+0000][gc,mmu       ] GC(0) MMU target violated: 21.0ms (20.0ms/21.0ms)
[2024-09-27T15:29:08.062+0000][gc,phases    ] GC(0)   Pre Evacuate Collection Set: 0.0ms
[2024-09-27T15:29:08.062+0000][gc,phases    ] GC(0)   Evacuate Collection Set: 21.6ms
[2024-09-27T15:29:08.062+0000][gc,phases    ] GC(0)   Post Evacuate Collection Set: 0.5ms
[2024-09-27T15:29:08.062+0000][gc,phases    ] GC(0)   Other: 0.6ms
[2024-09-27T15:29:08.062+0000][gc,heap      ] GC(0) Eden regions: 25->0(21)
[2024-09-27T15:29:08.062+0000][gc,heap      ] GC(0) Survivor regions: 0->4(4)
[2024-09-27T15:29:08.062+0000][gc,heap      ] GC(0) Old regions: 2->6
[2024-09-27T15:29:08.062+0000][gc,heap      ] GC(0) Humongous regions: 0->0
[2024-09-27T15:29:08.062+0000][gc,metaspace ] GC(0) Metaspace: 6797K(7424K)->6797K(7424K) NonClass: 6025K(6400K)->6025K(6400K) Class: 772K(1024K)->772K(1024K)
[2024-09-27T15:29:08.062+0000][gc           ] GC(0) Pause Young (Normal) (G1 Evacuation Pause) 25M->8M(512M) 22.793ms
[2024-09-27T15:29:08.062+0000][gc,cpu       ] GC(0) User=0.02s Sys=0.02s Real=0.02s
[2024-09-27T17:25:37.231+0000][gc,heap,exit ] Heap
[2024-09-27T17:25:37.231+0000][gc,heap,exit ]  garbage-first heap   total 524288K, used 28174K [0x00000000e0000000, 0x0000000100000000)
[2024-09-27T17:25:37.231+0000][gc,heap,exit ]   region size 1024K, 25 young (25600K), 4 survivors (4096K)
[2024-09-27T17:25:37.231+0000][gc,heap,exit ]  Metaspace       used 9409K, capacity 9776K, committed 9984K, reserved 1058816K
[2024-09-27T17:25:37.231+0000][gc,heap,exit ]   class space    used 1000K, capacity 1163K, committed 1280K, reserved 1048576K
