[2024-09-28T04:12:24.581+0000][gc,heap] Heap region size: 1M
[2024-09-28T04:12:24.593+0000][gc     ] Using G1
[2024-09-28T04:12:24.594+0000][gc,heap,coops] Heap address: 0x00000000e0000000, size: 512 MB, Compressed Oops mode: 32-bit
[2024-09-28T04:12:24.594+0000][gc,cds       ] Mark closed archive regions in map: [0x00000000fff00000, 0x00000000fff6bff8]
[2024-09-28T04:12:24.594+0000][gc,cds       ] Mark open archive regions in map: [0x00000000ffe00000, 0x00000000ffe47ff8]
[2024-09-28T04:12:25.428+0000][gc,start     ] GC(0) Pause Young (Normal) (G1 Evacuation Pause)
[2024-09-28T04:12:25.434+0000][gc,task      ] GC(0) Using 2 workers of 2 for evacuation
[2024-09-28T04:12:25.453+0000][gc,phases    ] GC(0)   Pre Evacuate Collection Set: 0.0ms
[2024-09-28T04:12:25.453+0000][gc,phases    ] GC(0)   Evacuate Collection Set: 18.4ms
[2024-09-28T04:12:25.453+0000][gc,phases    ] GC(0)   Post Evacuate Collection Set: 0.4ms
[2024-09-28T04:12:25.453+0000][gc,phases    ] GC(0)   Other: 5.5ms
[2024-09-28T04:12:25.453+0000][gc,heap      ] GC(0) Eden regions: 25->0(21)
[2024-09-28T04:12:25.453+0000][gc,heap      ] GC(0) Survivor regions: 0->4(4)
[2024-09-28T04:12:25.453+0000][gc,heap      ] GC(0) Old regions: 2->6
[2024-09-28T04:12:25.453+0000][gc,heap      ] GC(0) Humongous regions: 0->0
[2024-09-28T04:12:25.453+0000][gc,metaspace ] GC(0) Metaspace: 6985K(7424K)->6985K(7424K) NonClass: 6199K(6400K)->6199K(6400K) Class: 785K(1024K)->785K(1024K)
[2024-09-28T04:12:25.453+0000][gc           ] GC(0) Pause Young (Normal) (G1 Evacuation Pause) 25M->8M(512M) 24.450ms
[2024-09-28T04:12:25.453+0000][gc,cpu       ] GC(0) User=0.03s Sys=0.01s Real=0.02s
[2024-09-28T04:12:47.337+0000][gc,heap,exit ] Heap
[2024-09-28T04:12:47.337+0000][gc,heap,exit ]  garbage-first heap   total 524288K, used 19714K [0x00000000e0000000, 0x0000000100000000)
[2024-09-28T04:12:47.337+0000][gc,heap,exit ]   region size 1024K, 16 young (16384K), 4 survivors (4096K)
[2024-09-28T04:12:47.338+0000][gc,heap,exit ]  Metaspace       used 8688K, capacity 9103K, committed 9344K, reserved 1056768K
[2024-09-28T04:12:47.338+0000][gc,heap,exit ]   class space    used 968K, capacity 1131K, committed 1152K, reserved 1048576K
