[2024-09-27T21:07:24.087+0000][gc,heap] Heap region size: 1M
[2024-09-27T21:07:24.094+0000][gc     ] Using G1
[2024-09-27T21:07:24.095+0000][gc,heap,coops] Heap address: 0x00000000e0000000, size: 512 MB, Compressed Oops mode: 32-bit
[2024-09-27T21:07:24.095+0000][gc,cds       ] Mark closed archive regions in map: [0x00000000fff00000, 0x00000000fff6bff8]
[2024-09-27T21:07:24.095+0000][gc,cds       ] Mark open archive regions in map: [0x00000000ffe00000, 0x00000000ffe47ff8]
[2024-09-27T21:07:25.667+0000][gc,start     ] GC(0) Pause Young (Normal) (G1 Evacuation Pause)
[2024-09-27T21:07:25.667+0000][gc,task      ] GC(0) Using 2 workers of 2 for evacuation
[2024-09-27T21:07:25.687+0000][gc,mmu       ] GC(0) MMU target violated: 20.1ms (20.0ms/21.0ms)
[2024-09-27T21:07:25.687+0000][gc,phases    ] GC(0)   Pre Evacuate Collection Set: 0.2ms
[2024-09-27T21:07:25.687+0000][gc,phases    ] GC(0)   Evacuate Collection Set: 19.4ms
[2024-09-27T21:07:25.687+0000][gc,phases    ] GC(0)   Post Evacuate Collection Set: 0.4ms
[2024-09-27T21:07:25.687+0000][gc,phases    ] GC(0)   Other: 0.6ms
[2024-09-27T21:07:25.687+0000][gc,heap      ] GC(0) Eden regions: 25->0(21)
[2024-09-27T21:07:25.687+0000][gc,heap      ] GC(0) Survivor regions: 0->4(4)
[2024-09-27T21:07:25.687+0000][gc,heap      ] GC(0) Old regions: 2->6
[2024-09-27T21:07:25.687+0000][gc,heap      ] GC(0) Humongous regions: 0->0
[2024-09-27T21:07:25.687+0000][gc,metaspace ] GC(0) Metaspace: 6995K(7424K)->6995K(7424K) NonClass: 6209K(6400K)->6209K(6400K) Class: 786K(1024K)->786K(1024K)
[2024-09-27T21:07:25.687+0000][gc           ] GC(0) Pause Young (Normal) (G1 Evacuation Pause) 25M->8M(512M) 20.711ms
[2024-09-27T21:07:25.687+0000][gc,cpu       ] GC(0) User=0.01s Sys=0.02s Real=0.02s
[2024-09-27T23:49:17.760+0000][gc,start     ] GC(1) Pause Young (Normal) (G1 Evacuation Pause)
[2024-09-27T23:49:17.761+0000][gc,task      ] GC(1) Using 2 workers of 2 for evacuation
[2024-09-27T23:49:17.802+0000][gc,mmu       ] GC(1) MMU target violated: 21.0ms (20.0ms/21.0ms)
[2024-09-27T23:49:17.802+0000][gc,phases    ] GC(1)   Pre Evacuate Collection Set: 2.9ms
[2024-09-27T23:49:17.802+0000][gc,phases    ] GC(1)   Evacuate Collection Set: 36.7ms
[2024-09-27T23:49:17.802+0000][gc,phases    ] GC(1)   Post Evacuate Collection Set: 0.7ms
[2024-09-27T23:49:17.802+0000][gc,phases    ] GC(1)   Other: 1.2ms
[2024-09-27T23:49:17.802+0000][gc,heap      ] GC(1) Eden regions: 21->0(24)
[2024-09-27T23:49:17.802+0000][gc,heap      ] GC(1) Survivor regions: 4->1(4)
[2024-09-27T23:49:17.802+0000][gc,heap      ] GC(1) Old regions: 6->10
[2024-09-27T23:49:17.802+0000][gc,heap      ] GC(1) Humongous regions: 0->0
[2024-09-27T23:49:17.802+0000][gc,metaspace ] GC(1) Metaspace: 9442K(10240K)->9442K(10240K) NonClass: 8443K(8960K)->8443K(8960K) Class: 999K(1280K)->999K(1280K)
[2024-09-27T23:49:17.802+0000][gc           ] GC(1) Pause Young (Normal) (G1 Evacuation Pause) 29M->9M(512M) 41.472ms
[2024-09-27T23:49:17.802+0000][gc,cpu       ] GC(1) User=0.08s Sys=0.00s Real=0.04s
[2024-09-28T00:47:21.713+0000][gc,heap,exit ] Heap
[2024-09-28T00:47:21.713+0000][gc,heap,exit ]  garbage-first heap   total 524288K, used 13478K [0x00000000e0000000, 0x0000000100000000)
[2024-09-28T00:47:21.713+0000][gc,heap,exit ]   region size 1024K, 6 young (6144K), 1 survivors (1024K)
[2024-09-28T00:47:21.713+0000][gc,heap,exit ]  Metaspace       used 9447K, capacity 9832K, committed 10240K, reserved 1058816K
[2024-09-28T00:47:21.713+0000][gc,heap,exit ]   class space    used 1000K, capacity 1163K, committed 1280K, reserved 1048576K
