[2024-09-25T04:38:25.085+0000][gc,heap] Heap region size: 1M
[2024-09-25T04:38:25.095+0000][gc     ] Using G1
[2024-09-25T04:38:25.095+0000][gc,heap,coops] Heap address: 0x00000000e0000000, size: 512 MB, Compressed Oops mode: 32-bit
[2024-09-25T04:38:25.095+0000][gc,cds       ] Mark closed archive regions in map: [0x00000000fff00000, 0x00000000fff6bff8]
[2024-09-25T04:38:25.095+0000][gc,cds       ] Mark open archive regions in map: [0x00000000ffe00000, 0x00000000ffe47ff8]
[2024-09-25T04:38:26.666+0000][gc,start     ] GC(0) Pause Young (Normal) (G1 Evacuation Pause)
[2024-09-25T04:38:26.667+0000][gc,task      ] GC(0) Using 2 workers of 2 for evacuation
[2024-09-25T04:38:26.693+0000][gc,mmu       ] GC(0) MMU target violated: 21.0ms (20.0ms/21.0ms)
[2024-09-25T04:38:26.693+0000][gc,phases    ] GC(0)   Pre Evacuate Collection Set: 0.1ms
[2024-09-25T04:38:26.693+0000][gc,phases    ] GC(0)   Evacuate Collection Set: 25.4ms
[2024-09-25T04:38:26.693+0000][gc,phases    ] GC(0)   Post Evacuate Collection Set: 0.6ms
[2024-09-25T04:38:26.693+0000][gc,phases    ] GC(0)   Other: 0.9ms
[2024-09-25T04:38:26.693+0000][gc,heap      ] GC(0) Eden regions: 25->0(21)
[2024-09-25T04:38:26.693+0000][gc,heap      ] GC(0) Survivor regions: 0->4(4)
[2024-09-25T04:38:26.693+0000][gc,heap      ] GC(0) Old regions: 2->6
[2024-09-25T04:38:26.693+0000][gc,heap      ] GC(0) Humongous regions: 0->0
[2024-09-25T04:38:26.693+0000][gc,metaspace ] GC(0) Metaspace: 6970K(7424K)->6970K(7424K) NonClass: 6185K(6400K)->6185K(6400K) Class: 785K(1024K)->785K(1024K)
[2024-09-25T04:38:26.693+0000][gc           ] GC(0) Pause Young (Normal) (G1 Evacuation Pause) 25M->8M(512M) 26.944ms
[2024-09-25T04:38:26.693+0000][gc,cpu       ] GC(0) User=0.03s Sys=0.03s Real=0.02s
[2024-09-25T04:39:13.904+0000][gc,heap,exit ] Heap
[2024-09-25T04:39:13.905+0000][gc,heap,exit ]  garbage-first heap   total 524288K, used 14768K [0x00000000e0000000, 0x0000000100000000)
[2024-09-25T04:39:13.905+0000][gc,heap,exit ]   region size 1024K, 11 young (11264K), 4 survivors (4096K)
[2024-09-25T04:39:13.905+0000][gc,heap,exit ]  Metaspace       used 8200K, capacity 8579K, committed 8832K, reserved 1056768K
[2024-09-25T04:39:13.905+0000][gc,heap,exit ]   class space    used 919K, capacity 1063K, committed 1152K, reserved 1048576K
